[2026-05-19 18:27:30:2730] [[32minfo[39m]: [32mInitializing Discord Template Bot...[39m
[2026-05-19 18:28:00:280] [[31merror[39m]: [31mFailed to connect to MongoDB database: connect ECONNREFUSED ::1:27017, connect ECONNREFUSED 127.0.0.1:27017[39m
[2026-05-19 18:28:32:2832] [[32minfo[39m]: [32mInitializing Discord Template Bot...[39m
[2026-05-19 18:28:34:2834] [[32minfo[39m]: [32mInitializing Discord Template Bot...[39m
[2026-05-19 18:29:28:2928] [[32minfo[39m]: [32mInitializing Discord Template Bot...[39m
[2026-05-19 18:29:28:2928] [[32minfo[39m]: [32mSuccessfully initialized local file-based JSON database at ./data/db.json.[39m
[2026-05-19 18:29:28:2928] [[32minfo[39m]: [32mEvent loaded: clientReady (once)[39m
[2026-05-19 18:29:28:2928] [[32minfo[39m]: [32mEvent loaded: interactionCreate (on)[39m
[2026-05-19 18:29:28:2928] [[32minfo[39m]: [32mEvent loaded: guildCreate (on)[39m
[2026-05-19 18:29:29:2929] [[32minfo[39m]: [32mInitializing Discord Template Bot...[39m
[2026-05-19 18:29:29:2929] [[32minfo[39m]: [32mSuccessfully initialized local file-based JSON database at ./data/db.json.[39m
[2026-05-19 18:29:29:2929] [[32minfo[39m]: [32mEvent loaded: clientReady (once)[39m
[2026-05-19 18:29:29:2929] [[32minfo[39m]: [32mEvent loaded: interactionCreate (on)[39m
[2026-05-19 18:29:29:2929] [[32minfo[39m]: [32mEvent loaded: guildCreate (on)[39m
[2026-05-19 18:29:32:2932] [[32minfo[39m]: [32mLogged in as Youtube The Monica Two#1325![39m
[2026-05-19 18:29:32:2932] [[32minfo[39m]: [32mStarted refreshing 3 application (/) commands...[39m
[2026-05-19 18:29:32:2932] [[32minfo[39m]: [32mSuccessfully reloaded application (/) commands globally.[39m
[2026-05-19 18:29:48:2948] [[31merror[39m]: [31mAutocomplete filtering failed: CustomTemplate.find(...).select is not a function[39m
[2026-05-19 18:29:52:2952] [[31merror[39m]: [31mAutocomplete filtering failed: CustomTemplate.find(...).select is not a function[39m
[2026-05-19 18:29:53:2953] [[31merror[39m]: [31mAutocomplete filtering failed: CustomTemplate.find(...).select is not a function[39m
[2026-05-19 18:29:54:2954] [[31merror[39m]: [31mAutocomplete filtering failed: CustomTemplate.find(...).select is not a function[39m
[2026-05-19 18:29:55:2955] [[31merror[39m]: [31mAutocomplete filtering failed: CustomTemplate.find(...).select is not a function[39m
[2026-05-19 18:30:08:308] [[32minfo[39m]: [32mInitializing Discord Template Bot...[39m
[2026-05-19 18:30:08:308] [[32minfo[39m]: [32mSuccessfully initialized local file-based JSON database at ./data/db.json.[39m
[2026-05-19 18:30:08:308] [[32minfo[39m]: [32mEvent loaded: clientReady (once)[39m
[2026-05-19 18:30:08:308] [[32minfo[39m]: [32mEvent loaded: interactionCreate (on)[39m
[2026-05-19 18:30:08:308] [[32minfo[39m]: [32mEvent loaded: guildCreate (on)[39m
[2026-05-19 18:30:09:309] [[32minfo[39m]: [32mLogged in as Youtube The Monica Two#1325![39m
[2026-05-19 18:30:09:309] [[32minfo[39m]: [32mStarted refreshing 3 application (/) commands...[39m
[2026-05-19 18:30:10:3010] [[32minfo[39m]: [32mSuccessfully reloaded application (/) commands globally.[39m
[2026-05-19 18:30:12:3012] [[32minfo[39m]: [32mInitializing Discord Template Bot...[39m
[2026-05-19 18:30:12:3012] [[32minfo[39m]: [32mSuccessfully initialized local file-based JSON database at ./data/db.json.[39m
[2026-05-19 18:30:12:3012] [[32minfo[39m]: [32mEvent loaded: clientReady (once)[39m
[2026-05-19 18:30:12:3012] [[32minfo[39m]: [32mEvent loaded: interactionCreate (on)[39m
[2026-05-19 18:30:12:3012] [[32minfo[39m]: [32mEvent loaded: guildCreate (on)[39m
[2026-05-19 18:30:31:3031] [[32minfo[39m]: [32mInitializing Discord Template Bot...[39m
[2026-05-19 18:30:31:3031] [[32minfo[39m]: [32mSuccessfully initialized local file-based JSON database at ./data/db.json.[39m
[2026-05-19 18:30:31:3031] [[32minfo[39m]: [32mEvent loaded: clientReady (once)[39m
[2026-05-19 18:30:31:3031] [[32minfo[39m]: [32mEvent loaded: interactionCreate (on)[39m
[2026-05-19 18:30:31:3031] [[32minfo[39m]: [32mEvent loaded: guildCreate (on)[39m
[2026-05-19 18:30:33:3033] [[32minfo[39m]: [32mLogged in as Youtube The Monica Two#1325![39m
[2026-05-19 18:30:33:3033] [[32minfo[39m]: [32mStarted refreshing 3 application (/) commands...[39m
[2026-05-19 18:30:33:3033] [[32minfo[39m]: [32mSuccessfully reloaded application (/) commands globally.[39m
[2026-05-19 18:30:40:3040] [[32minfo[39m]: [32mUser the_monica_two (699598195071778816) ran /template in Monica kullanıcısının sunucusu[39m
[2026-05-19 18:30:47:3047] [[32minfo[39m]: [32mStarting cleanup for guild: Monica kullanıcısının sunucusu (1488080906232004801)[39m
[2026-05-19 18:31:05:315] [[32minfo[39m]: [32mCleanup completed for guild: Monica kullanıcısının sunucusu[39m
[2026-05-19 18:31:05:315] [[32minfo[39m]: [32mApplying template "Genel Topluluk / Public Community" to guild "Monica kullanıcısının sunucusu" (1488080906232004801)[39m
[2026-05-19 18:31:10:3110] [[31merror[39m]: [31mError applying category "📌 BİLGİLENDİRME": Invalid Form Body[39m
[31mtype[BASE_TYPE_CHOICES]: Value must be one of {0, 2, 4, 6, 13, 14, 15, 16}.[39m
[2026-05-19 18:31:16:3116] [[32minfo[39m]: [32mTemplate application completed: Genel Topluluk / Public Community[39m
[2026-05-19 18:31:16:3116] [[32minfo[39m]: [32mInitializing Discord Template Bot...[39m
[2026-05-19 18:31:16:3116] [[32minfo[39m]: [32mSuccessfully initialized local file-based JSON database at ./data/db.json.[39m
[2026-05-19 18:31:16:3116] [[32minfo[39m]: [32mEvent loaded: clientReady (once)[39m
[2026-05-19 18:31:16:3116] [[32minfo[39m]: [32mEvent loaded: interactionCreate (on)[39m
[2026-05-19 18:31:16:3116] [[32minfo[39m]: [32mEvent loaded: guildCreate (on)[39m
[2026-05-19 18:31:18:3118] [[32minfo[39m]: [32mLogged in as Youtube The Monica Two#1325![39m
[2026-05-19 18:31:18:3118] [[32minfo[39m]: [32mStarted refreshing 3 application (/) commands...[39m
[2026-05-19 18:31:18:3118] [[32minfo[39m]: [32mSuccessfully reloaded application (/) commands globally.[39m
[2026-05-19 18:31:42:3142] [[32minfo[39m]: [32mInitializing Discord Template Bot...[39m
[2026-05-19 18:31:42:3142] [[32minfo[39m]: [32mSuccessfully initialized local file-based JSON database at ./data/db.json.[39m
[2026-05-19 18:31:42:3142] [[32minfo[39m]: [32mEvent loaded: clientReady (once)[39m
[2026-05-19 18:31:42:3142] [[32minfo[39m]: [32mEvent loaded: interactionCreate (on)[39m
[2026-05-19 18:31:42:3142] [[32minfo[39m]: [32mEvent loaded: guildCreate (on)[39m
[2026-05-19 18:31:44:3144] [[32minfo[39m]: [32mLogged in as Youtube The Monica Two#1325![39m
[2026-05-19 18:31:44:3144] [[32minfo[39m]: [32mStarted refreshing 3 application (/) commands...[39m
[2026-05-19 18:31:44:3144] [[32minfo[39m]: [32mSuccessfully reloaded application (/) commands globally.[39m
[2026-05-19 18:32:11:3211] [[32minfo[39m]: [32mInitializing Discord Template Bot...[39m
[2026-05-19 18:32:11:3211] [[32minfo[39m]: [32mSuccessfully initialized local file-based JSON database at ./data/db.json.[39m
[2026-05-19 18:32:11:3211] [[32minfo[39m]: [32mEvent loaded: clientReady (once)[39m
[2026-05-19 18:32:11:3211] [[32minfo[39m]: [32mEvent loaded: interactionCreate (on)[39m
[2026-05-19 18:32:11:3211] [[32minfo[39m]: [32mEvent loaded: guildCreate (on)[39m
[2026-05-19 18:32:12:3212] [[32minfo[39m]: [32mLogged in as Youtube The Monica Two#1325![39m
[2026-05-19 18:32:12:3212] [[32minfo[39m]: [32mStarted refreshing 3 application (/) commands...[39m
[2026-05-19 18:32:13:3213] [[32minfo[39m]: [32mSuccessfully reloaded application (/) commands globally.[39m
[2026-05-19 18:32:15:3215] [[32minfo[39m]: [32mInitializing Discord Template Bot...[39m
[2026-05-19 18:32:15:3215] [[32minfo[39m]: [32mSuccessfully initialized local file-based JSON database at ./data/db.json.[39m
[2026-05-19 18:32:15:3215] [[32minfo[39m]: [32mEvent loaded: clientReady (once)[39m
[2026-05-19 18:32:15:3215] [[32minfo[39m]: [32mEvent loaded: interactionCreate (on)[39m
[2026-05-19 18:32:15:3215] [[32minfo[39m]: [32mEvent loaded: guildCreate (on)[39m
[2026-05-19 18:32:16:3216] [[32minfo[39m]: [32mLogged in as Youtube The Monica Two#1325![39m
[2026-05-19 18:32:16:3216] [[32minfo[39m]: [32mStarted refreshing 3 application (/) commands...[39m
[2026-05-19 18:32:25:3225] [[32minfo[39m]: [32mUser the_monica_two (699598195071778816) ran /template in Monica kullanıcısının sunucusu[39m
[2026-05-19 18:32:29:3229] [[32minfo[39m]: [32mStarting cleanup for guild: Monica kullanıcısının sunucusu (1488080906232004801)[39m
[2026-05-19 18:32:39:3239] [[32minfo[39m]: [32mCleanup completed for guild: Monica kullanıcısının sunucusu[39m
[2026-05-19 18:32:39:3239] [[32minfo[39m]: [32mApplying template "Genel Topluluk / Public Community" to guild "Monica kullanıcısının sunucusu" (1488080906232004801)[39m
[2026-05-19 18:32:49:3249] [[32minfo[39m]: [32mSuccessfully reloaded application (/) commands globally.[39m
[2026-05-19 18:32:52:3252] [[32minfo[39m]: [32mSent welcome embed to 👋-hoşgeldiniz[39m
[2026-05-19 18:32:52:3252] [[32minfo[39m]: [32mSent rules embed to 📜-kurallar[39m
[2026-05-19 18:32:52:3252] [[32minfo[39m]: [32mTemplate application completed: Genel Topluluk / Public Community[39m
[2026-05-19 18:32:52:3252] [[32minfo[39m]: [32mInitializing Discord Template Bot...[39m
[2026-05-19 18:32:52:3252] [[32minfo[39m]: [32mSuccessfully initialized local file-based JSON database at ./data/db.json.[39m
[2026-05-19 18:32:52:3252] [[32minfo[39m]: [32mEvent loaded: clientReady (once)[39m
[2026-05-19 18:32:52:3252] [[32minfo[39m]: [32mEvent loaded: interactionCreate (on)[39m
[2026-05-19 18:32:52:3252] [[32minfo[39m]: [32mEvent loaded: guildCreate (on)[39m
[2026-05-19 18:32:54:3254] [[32minfo[39m]: [32mLogged in as Youtube The Monica Two#1325![39m
[2026-05-19 18:32:54:3254] [[32minfo[39m]: [32mStarted refreshing 3 application (/) commands...[39m
[2026-05-19 18:32:54:3254] [[32minfo[39m]: [32mSuccessfully reloaded application (/) commands globally.[39m
[2026-05-19 18:40:23:4023] [[32minfo[39m]: [32mUser the_monica_two (699598195071778816) ran /template in Monica kullanıcısının sunucusu[39m
[2026-05-19 18:40:27:4027] [[32minfo[39m]: [32mStarting cleanup for guild: Monica kullanıcısının sunucusu (1488080906232004801)[39m
[2026-05-19 18:40:38:4038] [[32minfo[39m]: [32mCleanup completed for guild: Monica kullanıcısının sunucusu[39m
[2026-05-19 18:40:38:4038] [[32minfo[39m]: [32mApplying template "Oyuncu / Gaming Clan" to guild "Monica kullanıcısının sunucusu" (1488080906232004801)[39m
[2026-05-19 18:40:51:4051] [[32minfo[39m]: [32mSent welcome embed to 🎮-genel-sohbet[39m
[2026-05-19 18:40:51:4051] [[32minfo[39m]: [32mTemplate application completed: Oyuncu / Gaming Clan[39m
[2026-05-19 18:40:51:4051] [[32minfo[39m]: [32mInitializing Discord Template Bot...[39m
[2026-05-19 18:40:51:4051] [[32minfo[39m]: [32mSuccessfully initialized local file-based JSON database at ./data/db.json.[39m
[2026-05-19 18:40:51:4051] [[32minfo[39m]: [32mEvent loaded: clientReady (once)[39m
[2026-05-19 18:40:51:4051] [[32minfo[39m]: [32mEvent loaded: interactionCreate (on)[39m
[2026-05-19 18:40:51:4051] [[32minfo[39m]: [32mEvent loaded: guildCreate (on)[39m
[2026-05-19 18:40:53:4053] [[32minfo[39m]: [32mLogged in as Youtube The Monica Two#1325![39m
[2026-05-19 18:40:53:4053] [[32minfo[39m]: [32mStarted refreshing 3 application (/) commands...[39m
[2026-05-19 18:40:53:4053] [[32minfo[39m]: [32mSuccessfully reloaded application (/) commands globally.[39m
[2026-05-19 18:41:23:4123] [[32minfo[39m]: [32mInitializing Discord Template Bot...[39m
[2026-05-19 18:41:23:4123] [[32minfo[39m]: [32mSuccessfully initialized local file-based JSON database at ./data/db.json.[39m
[2026-05-19 18:41:23:4123] [[32minfo[39m]: [32mEvent loaded: clientReady (once)[39m
[2026-05-19 18:41:23:4123] [[32minfo[39m]: [32mEvent loaded: interactionCreate (on)[39m
[2026-05-19 18:41:23:4123] [[32minfo[39m]: [32mEvent loaded: guildCreate (on)[39m
[2026-05-19 18:41:24:4124] [[32minfo[39m]: [32mLogged in as Youtube The Monica Two#1325![39m
[2026-05-19 18:41:24:4124] [[32minfo[39m]: [32mStarted refreshing 3 application (/) commands...[39m
[2026-05-19 18:41:24:4124] [[32minfo[39m]: [32mSuccessfully reloaded application (/) commands globally.[39m
[2026-05-19 19:54:30:5430] [[32minfo[39m]: [32mInitializing Discord Template Bot...[39m
[2026-05-19 19:54:30:5430] [[32minfo[39m]: [32mSuccessfully initialized local file-based JSON database at ./data/db.json.[39m
[2026-05-19 19:54:30:5430] [[32minfo[39m]: [32mEvent loaded: clientReady (once)[39m
[2026-05-19 19:54:30:5430] [[32minfo[39m]: [32mEvent loaded: interactionCreate (on)[39m
[2026-05-19 19:54:30:5430] [[32minfo[39m]: [32mEvent loaded: guildCreate (on)[39m
[2026-05-19 19:54:31:5431] [[32minfo[39m]: [32mLogged in as Youtube The Monica Two#1325![39m
[2026-05-19 19:54:31:5431] [[32minfo[39m]: [32mStarted refreshing 3 application (/) commands...[39m
[2026-05-19 19:54:32:5432] [[32minfo[39m]: [32mSuccessfully reloaded application (/) commands globally.[39m
[2026-05-19 19:54:40:5440] [[32minfo[39m]: [32mUser the_monica_two (699598195071778816) ran /template in Monica kullanıcısının sunucusu[39m
[2026-05-19 19:54:40:5440] [[31merror[39m]: [31mError in /template list: Received one or more errors[39m
[2026-05-19 19:54:51:5451] [[32minfo[39m]: [32mUser the_monica_two (699598195071778816) ran /template in Monica kullanıcısının sunucusu[39m
[2026-05-19 19:54:51:5451] [[31merror[39m]: [31mError in /template list: Received one or more errors[39m
[2026-05-19 19:55:11:5511] [[32minfo[39m]: [32mInitializing Discord Template Bot...[39m
[2026-05-19 19:55:11:5511] [[32minfo[39m]: [32mSuccessfully initialized local file-based JSON database at ./data/db.json.[39m
[2026-05-19 19:55:11:5511] [[32minfo[39m]: [32mEvent loaded: clientReady (once)[39m
[2026-05-19 19:55:11:5511] [[32minfo[39m]: [32mEvent loaded: interactionCreate (on)[39m
[2026-05-19 19:55:11:5511] [[32minfo[39m]: [32mEvent loaded: guildCreate (on)[39m
[2026-05-19 19:55:12:5512] [[32minfo[39m]: [32mLogged in as Youtube The Monica Two#1325![39m
[2026-05-19 19:55:12:5512] [[32minfo[39m]: [32mStarted refreshing 3 application (/) commands...[39m
[2026-05-19 19:55:13:5513] [[32minfo[39m]: [32mSuccessfully reloaded application (/) commands globally.[39m
[2026-05-19 19:55:22:5522] [[32minfo[39m]: [32mUser the_monica_two (699598195071778816) ran /template in Monica kullanıcısının sunucusu[39m
[2026-05-19 19:55:43:5543] [[32minfo[39m]: [32mUser the_monica_two (699598195071778816) ran /template in Monica kullanıcısının sunucusu[39m
[2026-05-19 19:55:45:5545] [[32minfo[39m]: [32mInitializing Discord Template Bot...[39m
[2026-05-19 19:55:45:5545] [[32minfo[39m]: [32mSuccessfully initialized local file-based JSON database at ./data/db.json.[39m
[2026-05-19 19:55:45:5545] [[32minfo[39m]: [32mEvent loaded: clientReady (once)[39m
[2026-05-19 19:55:45:5545] [[32minfo[39m]: [32mEvent loaded: interactionCreate (on)[39m
[2026-05-19 19:55:45:5545] [[32minfo[39m]: [32mEvent loaded: guildCreate (on)[39m
[2026-05-19 19:55:46:5546] [[32minfo[39m]: [32mLogged in as Youtube The Monica Two#1325![39m
[2026-05-19 19:55:46:5546] [[32minfo[39m]: [32mStarted refreshing 3 application (/) commands...[39m
[2026-05-19 19:55:46:5546] [[32minfo[39m]: [32mSuccessfully reloaded application (/) commands globally.[39m
[2026-05-19 19:56:39:5639] [[32minfo[39m]: [32mUser the_monica_two (699598195071778816) ran /template in Monica kullanıcısının sunucusu[39m
[2026-05-19 19:56:43:5643] [[32minfo[39m]: [32mStarting cleanup for guild: Monica kullanıcısının sunucusu (1488080906232004801)[39m
[2026-05-19 19:56:53:5653] [[32minfo[39m]: [32mCleanup completed for guild: Monica kullanıcısının sunucusu[39m
[2026-05-19 19:56:53:5653] [[32minfo[39m]: [32mApplying template "Genel Topluluk / Public Community" to guild "Monica kullanıcısının sunucusu" (1488080906232004801)[39m
[2026-05-19 19:57:08:578] [[32minfo[39m]: [32mSent welcome embed to 👋・hoş-geldiniz[39m
[2026-05-19 19:57:08:578] [[32minfo[39m]: [32mSent rules embed to 📜・kurallar[39m
[2026-05-19 19:57:08:578] [[32minfo[39m]: [32mTemplate application completed: Genel Topluluk / Public Community[39m
[2026-05-19 19:57:09:579] [[32minfo[39m]: [32mInitializing Discord Template Bot...[39m
[2026-05-19 19:57:09:579] [[32minfo[39m]: [32mSuccessfully initialized local file-based JSON database at ./data/db.json.[39m
[2026-05-19 19:57:09:579] [[32minfo[39m]: [32mEvent loaded: clientReady (once)[39m
[2026-05-19 19:57:09:579] [[32minfo[39m]: [32mEvent loaded: interactionCreate (on)[39m
[2026-05-19 19:57:09:579] [[32minfo[39m]: [32mEvent loaded: guildCreate (on)[39m
[2026-05-19 19:57:10:5710] [[32minfo[39m]: [32mLogged in as Youtube The Monica Two#1325![39m
[2026-05-19 19:57:10:5710] [[32minfo[39m]: [32mStarted refreshing 3 application (/) commands...[39m
[2026-05-19 19:57:11:5711] [[32minfo[39m]: [32mSuccessfully reloaded application (/) commands globally.[39m
[2026-05-19 19:57:29:5729] [[32minfo[39m]: [32mUser the_monica_two (699598195071778816) ran /template in Monica kullanıcısının sunucusu[39m
[2026-05-19 19:57:33:5733] [[32minfo[39m]: [32mStarting cleanup for guild: Monica kullanıcısının sunucusu (1488080906232004801)[39m
[2026-05-19 19:57:42:5742] [[32minfo[39m]: [32mCleanup completed for guild: Monica kullanıcısının sunucusu[39m
[2026-05-19 19:57:42:5742] [[32minfo[39m]: [32mApplying template "Özel / Arkadaş Grubu" to guild "Monica kullanıcısının sunucusu" (1488080906232004801)[39m
[2026-05-19 19:57:47:5747] [[32minfo[39m]: [32mTemplate application completed: Özel / Arkadaş Grubu[39m
[2026-05-19 19:57:47:5747] [[32minfo[39m]: [32mInitializing Discord Template Bot...[39m
[2026-05-19 19:57:47:5747] [[32minfo[39m]: [32mSuccessfully initialized local file-based JSON database at ./data/db.json.[39m
[2026-05-19 19:57:47:5747] [[32minfo[39m]: [32mEvent loaded: clientReady (once)[39m
[2026-05-19 19:57:47:5747] [[32minfo[39m]: [32mEvent loaded: interactionCreate (on)[39m
[2026-05-19 19:57:47:5747] [[32minfo[39m]: [32mEvent loaded: guildCreate (on)[39m
[2026-05-19 19:57:49:5749] [[32minfo[39m]: [32mLogged in as Youtube The Monica Two#1325![39m
[2026-05-19 19:57:49:5749] [[32minfo[39m]: [32mStarted refreshing 3 application (/) commands...[39m
[2026-05-19 19:57:49:5749] [[32minfo[39m]: [32mSuccessfully reloaded application (/) commands globally.[39m
[2026-05-19 19:58:01:581] [[32minfo[39m]: [32mUser the_monica_two (699598195071778816) ran /template in Monica kullanıcısının sunucusu[39m
[2026-05-19 19:58:04:584] [[32minfo[39m]: [32mStarting cleanup for guild: Monica kullanıcısının sunucusu (1488080906232004801)[39m
[2026-05-19 19:58:09:589] [[32minfo[39m]: [32mCleanup completed for guild: Monica kullanıcısının sunucusu[39m
[2026-05-19 19:58:09:589] [[32minfo[39m]: [32mApplying template "Eğitim / Okul / Ders" to guild "Monica kullanıcısının sunucusu" (1488080906232004801)[39m
[2026-05-19 19:58:14:5814] [[32minfo[39m]: [32mTemplate application completed: Eğitim / Okul / Ders[39m
[2026-05-19 19:58:15:5815] [[32minfo[39m]: [32mInitializing Discord Template Bot...[39m
[2026-05-19 19:58:15:5815] [[32minfo[39m]: [32mSuccessfully initialized local file-based JSON database at ./data/db.json.[39m
[2026-05-19 19:58:15:5815] [[32minfo[39m]: [32mEvent loaded: clientReady (once)[39m
[2026-05-19 19:58:15:5815] [[32minfo[39m]: [32mEvent loaded: interactionCreate (on)[39m
[2026-05-19 19:58:15:5815] [[32minfo[39m]: [32mEvent loaded: guildCreate (on)[39m
[2026-05-19 19:58:16:5816] [[32minfo[39m]: [32mLogged in as Youtube The Monica Two#1325![39m
[2026-05-19 19:58:16:5816] [[32minfo[39m]: [32mStarted refreshing 3 application (/) commands...[39m
[2026-05-19 19:58:17:5817] [[32minfo[39m]: [32mSuccessfully reloaded application (/) commands globally.[39m
[2026-05-19 19:58:22:5822] [[32minfo[39m]: [32mUser the_monica_two (699598195071778816) ran /template in Monica kullanıcısının sunucusu[39m
[2026-05-19 19:58:26:5826] [[32minfo[39m]: [32mStarting cleanup for guild: Monica kullanıcısının sunucusu (1488080906232004801)[39m
[2026-05-19 19:58:32:5832] [[32minfo[39m]: [32mCleanup completed for guild: Monica kullanıcısının sunucusu[39m
[2026-05-19 19:58:32:5832] [[32minfo[39m]: [32mApplying template "Meme / Eğlence" to guild "Monica kullanıcısının sunucusu" (1488080906232004801)[39m
[2026-05-19 19:58:35:5835] [[32minfo[39m]: [32mTemplate application completed: Meme / Eğlence[39m
[2026-05-19 19:58:36:5836] [[32minfo[39m]: [32mInitializing Discord Template Bot...[39m
[2026-05-19 19:58:36:5836] [[32minfo[39m]: [32mSuccessfully initialized local file-based JSON database at ./data/db.json.[39m
[2026-05-19 19:58:36:5836] [[32minfo[39m]: [32mEvent loaded: clientReady (once)[39m
[2026-05-19 19:58:36:5836] [[32minfo[39m]: [32mEvent loaded: interactionCreate (on)[39m
[2026-05-19 19:58:36:5836] [[32minfo[39m]: [32mEvent loaded: guildCreate (on)[39m
[2026-05-19 19:58:37:5837] [[32minfo[39m]: [32mLogged in as Youtube The Monica Two#1325![39m
[2026-05-19 19:58:37:5837] [[32minfo[39m]: [32mStarted refreshing 3 application (/) commands...[39m
[2026-05-19 19:58:38:5838] [[32minfo[39m]: [32mSuccessfully reloaded application (/) commands globally.[39m
[2026-05-19 19:58:44:5844] [[32minfo[39m]: [32mUser the_monica_two (699598195071778816) ran /template in Monica kullanıcısının sunucusu[39m
[2026-05-19 19:59:03:593] [[32minfo[39m]: [32mUser the_monica_two (699598195071778816) ran /premium in Monica kullanıcısının sunucusu[39m
[2026-05-19 20:00:54:054] [[32minfo[39m]: [32mInitializing Discord Template Bot...[39m
[2026-05-19 20:00:54:054] [[32minfo[39m]: [32mSuccessfully initialized local file-based JSON database at ./data/db.json.[39m
[2026-05-19 20:00:54:054] [[32minfo[39m]: [32mEvent loaded: clientReady (once)[39m
[2026-05-19 20:00:54:054] [[32minfo[39m]: [32mEvent loaded: interactionCreate (on)[39m
[2026-05-19 20:00:54:054] [[32minfo[39m]: [32mEvent loaded: guildCreate (on)[39m
[2026-05-19 20:00:56:056] [[32minfo[39m]: [32mInitializing Discord Template Bot...[39m
[2026-05-19 20:00:56:056] [[32minfo[39m]: [32mSuccessfully initialized local file-based JSON database at ./data/db.json.[39m
[2026-05-19 20:00:56:056] [[32minfo[39m]: [32mEvent loaded: clientReady (once)[39m
[2026-05-19 20:00:56:056] [[32minfo[39m]: [32mEvent loaded: interactionCreate (on)[39m
[2026-05-19 20:00:56:056] [[32minfo[39m]: [32mEvent loaded: guildCreate (on)[39m
[2026-05-19 20:00:57:057] [[32minfo[39m]: [32mLogged in as Youtube The Monica Two#1325![39m
[2026-05-19 20:00:57:057] [[32minfo[39m]: [32mStarted refreshing 2 application (/) commands...[39m
[2026-05-19 20:00:57:057] [[32minfo[39m]: [32mSuccessfully reloaded application (/) commands globally.[39m
[2026-05-19 20:02:19:219] [[32minfo[39m]: [32mInitializing Discord Template Bot...[39m
[2026-05-19 20:02:19:219] [[32minfo[39m]: [32mSuccessfully initialized local file-based JSON database at ./data/db.json.[39m
[2026-05-19 20:02:19:219] [[32minfo[39m]: [32mEvent loaded: clientReady (once)[39m
[2026-05-19 20:02:19:219] [[32minfo[39m]: [32mEvent loaded: interactionCreate (on)[39m
[2026-05-19 20:02:19:219] [[32minfo[39m]: [32mEvent loaded: guildCreate (on)[39m
[2026-05-19 20:02:20:220] [[32minfo[39m]: [32mLogged in as Youtube The Monica Two#1325![39m
[2026-05-19 20:02:20:220] [[32minfo[39m]: [32mStarted refreshing 2 application (/) commands...[39m
[2026-05-19 20:02:20:220] [[32minfo[39m]: [32mSuccessfully reloaded application (/) commands globally.[39m
[2026-05-19 20:02:24:224] [[32minfo[39m]: [32mUser the_monica_two (699598195071778816) ran /template in Monica kullanıcısının sunucusu[39m
[2026-05-19 20:02:28:228] [[32minfo[39m]: [32mStarting cleanup for guild: Monica kullanıcısının sunucusu (1488080906232004801)[39m
[2026-05-19 20:02:32:232] [[32minfo[39m]: [32mCleanup completed for guild: Monica kullanıcısının sunucusu[39m
[2026-05-19 20:02:32:232] [[32minfo[39m]: [32mApplying template "⭐ Deluxe Genel Topluluk" to guild "Monica kullanıcısının sunucusu" (1488080906232004801)[39m
[2026-05-19 20:02:45:245] [[32minfo[39m]: [32mSent welcome embed to 👋・hoş-geldiniz[39m
[2026-05-19 20:02:46:246] [[32minfo[39m]: [32mSent rules embed to 📜・kurallar[39m
[2026-05-19 20:02:46:246] [[32minfo[39m]: [32mTemplate application completed: ⭐ Deluxe Genel Topluluk[39m
[2026-05-19 20:02:47:247] [[32minfo[39m]: [32mInitializing Discord Template Bot...[39m
[2026-05-19 20:02:47:247] [[32minfo[39m]: [32mSuccessfully initialized local file-based JSON database at ./data/db.json.[39m
[2026-05-19 20:02:47:247] [[32minfo[39m]: [32mEvent loaded: clientReady (once)[39m
[2026-05-19 20:02:47:247] [[32minfo[39m]: [32mEvent loaded: interactionCreate (on)[39m
[2026-05-19 20:02:47:247] [[32minfo[39m]: [32mEvent loaded: guildCreate (on)[39m
[2026-05-19 20:02:48:248] [[32minfo[39m]: [32mLogged in as Youtube The Monica Two#1325![39m
[2026-05-19 20:02:48:248] [[32minfo[39m]: [32mStarted refreshing 2 application (/) commands...[39m
[2026-05-19 20:02:48:248] [[32minfo[39m]: [32mSuccessfully reloaded application (/) commands globally.[39m
[2026-05-19 20:02:57:257] [[32minfo[39m]: [32mUser the_monica_two (699598195071778816) ran /template in Monica kullanıcısının sunucusu[39m
[2026-05-19 20:03:00:30] [[32minfo[39m]: [32mStarting cleanup for guild: Monica kullanıcısının sunucusu (1488080906232004801)[39m
[2026-05-19 20:03:13:313] [[32minfo[39m]: [32mCleanup completed for guild: Monica kullanıcısının sunucusu[39m
[2026-05-19 20:03:13:313] [[32minfo[39m]: [32mApplying template "🌸 Otaku Cenneti / Anime & Manga" to guild "Monica kullanıcısının sunucusu" (1488080906232004801)[39m
[2026-05-19 20:03:26:326] [[32minfo[39m]: [32mSent welcome embed to 👋・karşılama[39m
[2026-05-19 20:03:26:326] [[32minfo[39m]: [32mTemplate application completed: 🌸 Otaku Cenneti / Anime & Manga[39m
[2026-05-19 20:03:26:326] [[32minfo[39m]: [32mInitializing Discord Template Bot...[39m
[2026-05-19 20:03:26:326] [[32minfo[39m]: [32mSuccessfully initialized local file-based JSON database at ./data/db.json.[39m
[2026-05-19 20:03:26:326] [[32minfo[39m]: [32mEvent loaded: clientReady (once)[39m
[2026-05-19 20:03:26:326] [[32minfo[39m]: [32mEvent loaded: interactionCreate (on)[39m
[2026-05-19 20:03:26:326] [[32minfo[39m]: [32mEvent loaded: guildCreate (on)[39m
[2026-05-19 20:03:28:328] [[32minfo[39m]: [32mLogged in as Youtube The Monica Two#1325![39m
[2026-05-19 20:03:28:328] [[32minfo[39m]: [32mStarted refreshing 2 application (/) commands...[39m
[2026-05-19 20:03:28:328] [[32minfo[39m]: [32mSuccessfully reloaded application (/) commands globally.[39m
[2026-05-19 20:04:13:413] [[32minfo[39m]: [32mUser the_monica_two (699598195071778816) ran /template in Monica kullanıcısının sunucusu[39m
[2026-05-19 20:04:16:416] [[32minfo[39m]: [32mStarting cleanup for guild: Monica kullanıcısının sunucusu (1488080906232004801)[39m
[2026-05-19 20:04:28:428] [[32minfo[39m]: [32mCleanup completed for guild: Monica kullanıcısının sunucusu[39m
[2026-05-19 20:04:28:428] [[32minfo[39m]: [32mApplying template "Deneme" to guild "Monica kullanıcısının sunucusu" (1488080906232004801)[39m
[2026-05-19 20:04:41:441] [[32minfo[39m]: [32mTemplate application completed: Deneme[39m
[2026-05-19 20:04:41:441] [[32minfo[39m]: [32mInitializing Discord Template Bot...[39m
[2026-05-19 20:04:41:441] [[32minfo[39m]: [32mSuccessfully initialized local file-based JSON database at ./data/db.json.[39m
[2026-05-19 20:04:41:441] [[32minfo[39m]: [32mEvent loaded: clientReady (once)[39m
[2026-05-19 20:04:41:441] [[32minfo[39m]: [32mEvent loaded: interactionCreate (on)[39m
[2026-05-19 20:04:41:441] [[32minfo[39m]: [32mEvent loaded: guildCreate (on)[39m
[2026-05-19 20:04:43:443] [[32minfo[39m]: [32mLogged in as Youtube The Monica Two#1325![39m
[2026-05-19 20:04:43:443] [[32minfo[39m]: [32mStarted refreshing 2 application (/) commands...[39m
[2026-05-19 20:04:43:443] [[32minfo[39m]: [32mSuccessfully reloaded application (/) commands globally.[39m
[2026-05-19 20:04:49:449] [[32minfo[39m]: [32mUser the_monica_two (699598195071778816) ran /template in Monica kullanıcısının sunucusu[39m
[2026-05-19 20:04:53:453] [[32minfo[39m]: [32mStarting cleanup for guild: Monica kullanıcısının sunucusu (1488080906232004801)[39m
[2026-05-19 20:05:06:56] [[32minfo[39m]: [32mCleanup completed for guild: Monica kullanıcısının sunucusu[39m
[2026-05-19 20:05:06:56] [[32minfo[39m]: [32mApplying template "📚 Akademik Lise & Üniversite / Ders" to guild "Monica kullanıcısının sunucusu" (1488080906232004801)[39m
[2026-05-19 20:05:18:518] [[32minfo[39m]: [32mTemplate application completed: 📚 Akademik Lise & Üniversite / Ders[39m
[2026-05-19 20:05:18:518] [[32minfo[39m]: [32mInitializing Discord Template Bot...[39m
[2026-05-19 20:05:18:518] [[32minfo[39m]: [32mSuccessfully initialized local file-based JSON database at ./data/db.json.[39m
[2026-05-19 20:05:18:518] [[32minfo[39m]: [32mEvent loaded: clientReady (once)[39m
[2026-05-19 20:05:18:518] [[32minfo[39m]: [32mEvent loaded: interactionCreate (on)[39m
[2026-05-19 20:05:18:518] [[32minfo[39m]: [32mEvent loaded: guildCreate (on)[39m
[2026-05-19 20:05:20:520] [[32minfo[39m]: [32mLogged in as Youtube The Monica Two#1325![39m
[2026-05-19 20:05:20:520] [[32minfo[39m]: [32mStarted refreshing 2 application (/) commands...[39m
[2026-05-19 20:05:20:520] [[32minfo[39m]: [32mSuccessfully reloaded application (/) commands globally.[39m
[2026-05-19 20:06:59:659] [[32minfo[39m]: [32mInitializing Discord Template Bot...[39m
[2026-05-19 20:06:59:659] [[32minfo[39m]: [32mSuccessfully initialized local file-based JSON database at ./data/db.json.[39m
[2026-05-19 20:06:59:659] [[32minfo[39m]: [32mEvent loaded: clientReady (once)[39m
[2026-05-19 20:06:59:659] [[32minfo[39m]: [32mEvent loaded: interactionCreate (on)[39m
[2026-05-19 20:06:59:659] [[32minfo[39m]: [32mEvent loaded: guildCreate (on)[39m
[2026-05-19 20:07:00:70] [[32minfo[39m]: [32mLogged in as Youtube The Monica Two#1325![39m
[2026-05-19 20:07:00:70] [[32minfo[39m]: [32mStarted refreshing 2 application (/) commands...[39m
[2026-05-19 20:07:01:71] [[32minfo[39m]: [32mSuccessfully reloaded application (/) commands globally.[39m
[2026-05-19 20:07:07:77] [[32minfo[39m]: [32mInitializing Discord Template Bot...[39m
[2026-05-19 20:07:07:77] [[32minfo[39m]: [32mSuccessfully initialized local file-based JSON database at ./data/db.json.[39m
[2026-05-19 20:07:07:77] [[32minfo[39m]: [32mEvent loaded: clientReady (once)[39m
[2026-05-19 20:07:07:77] [[32minfo[39m]: [32mEvent loaded: interactionCreate (on)[39m
[2026-05-19 20:07:07:77] [[32minfo[39m]: [32mEvent loaded: guildCreate (on)[39m
[2026-05-19 20:07:09:79] [[32minfo[39m]: [32mLogged in as Youtube The Monica Two#1325![39m
[2026-05-19 20:07:09:79] [[32minfo[39m]: [32mStarted refreshing 2 application (/) commands...[39m
[2026-05-19 20:07:09:79] [[32minfo[39m]: [32mSuccessfully reloaded application (/) commands globally.[39m
[2026-05-19 20:08:18:818] [[32minfo[39m]: [32mUser the_monica_two (699598195071778816) ran /template in Monica kullanıcısının sunucusu[39m
[2026-05-19 20:08:22:822] [[32minfo[39m]: [32mStarting cleanup for guild: Monica kullanıcısının sunucusu (1488080906232004801)[39m
[2026-05-19 20:08:50:850] [[32minfo[39m]: [32mCleanup completed for guild: Monica kullanıcısının sunucusu[39m
[2026-05-19 20:08:50:850] [[32minfo[39m]: [32mApplying template "⭐ Deluxe Public Taglı Topluluk" to guild "Monica kullanıcısının sunucusu" (1488080906232004801)[39m
[2026-05-19 20:08:59:859] [[31merror[39m]: [31mError creating category "📝 KAYIT ALANI": Cannot read properties of undefined (reading 'map')[39m
[2026-05-19 20:08:59:859] [[31merror[39m]: [31mError creating category "💬 TOPLULUK MERKEZİ": Cannot read properties of undefined (reading 'map')[39m
[2026-05-19 20:08:59:859] [[31merror[39m]: [31mError creating category "🎤 PUBLIC SES ALANI": Cannot read properties of undefined (reading 'map')[39m
[2026-05-19 20:09:01:91] [[32minfo[39m]: [32mSent welcome embed to 👋・welcome[39m
[2026-05-19 20:09:01:91] [[32minfo[39m]: [32mSent rules embed to 📜・kurallar[39m
[2026-05-19 20:09:01:91] [[32minfo[39m]: [32mTemplate application completed: ⭐ Deluxe Public Taglı Topluluk[39m
[2026-05-19 20:09:02:92] [[32minfo[39m]: [32mInitializing Discord Template Bot...[39m
[2026-05-19 20:09:02:92] [[32minfo[39m]: [32mSuccessfully initialized local file-based JSON database at ./data/db.json.[39m
[2026-05-19 20:09:02:92] [[32minfo[39m]: [32mEvent loaded: clientReady (once)[39m
[2026-05-19 20:09:02:92] [[32minfo[39m]: [32mEvent loaded: interactionCreate (on)[39m
[2026-05-19 20:09:02:92] [[32minfo[39m]: [32mEvent loaded: guildCreate (on)[39m
[2026-05-19 20:09:04:94] [[32minfo[39m]: [32mLogged in as Youtube The Monica Two#1325![39m
[2026-05-19 20:09:04:94] [[32minfo[39m]: [32mStarted refreshing 2 application (/) commands...[39m
[2026-05-19 20:09:04:94] [[32minfo[39m]: [32mSuccessfully reloaded application (/) commands globally.[39m
[2026-05-19 20:09:29:929] [[32minfo[39m]: [32mInitializing Discord Template Bot...[39m
[2026-05-19 20:09:29:929] [[32minfo[39m]: [32mSuccessfully initialized local file-based JSON database at ./data/db.json.[39m
[2026-05-19 20:09:29:929] [[32minfo[39m]: [32mEvent loaded: clientReady (once)[39m
[2026-05-19 20:09:29:929] [[32minfo[39m]: [32mEvent loaded: interactionCreate (on)[39m
[2026-05-19 20:09:29:929] [[32minfo[39m]: [32mEvent loaded: guildCreate (on)[39m
[2026-05-19 20:09:30:930] [[32minfo[39m]: [32mLogged in as Youtube The Monica Two#1325![39m
[2026-05-19 20:09:30:930] [[32minfo[39m]: [32mStarted refreshing 2 application (/) commands...[39m
[2026-05-19 20:09:31:931] [[32minfo[39m]: [32mSuccessfully reloaded application (/) commands globally.[39m
[2026-05-19 20:09:48:948] [[32minfo[39m]: [32mUser the_monica_two (699598195071778816) ran /template in Monica kullanıcısının sunucusu[39m
[2026-05-19 20:09:51:951] [[32minfo[39m]: [32mStarting cleanup for guild: Monica kullanıcısının sunucusu (1488080906232004801)[39m
[2026-05-19 20:10:00:100] [[32minfo[39m]: [32mCleanup completed for guild: Monica kullanıcısının sunucusu[39m
[2026-05-19 20:10:00:100] [[32minfo[39m]: [32mApplying template "⭐ Deluxe Public Taglı Topluluk" to guild "Monica kullanıcısının sunucusu" (1488080906232004801)[39m
[2026-05-19 20:10:27:1027] [[32minfo[39m]: [32mSent welcome embed to 👋・welcome[39m
[2026-05-19 20:10:28:1028] [[32minfo[39m]: [32mSent rules embed to 📜・kurallar[39m
[2026-05-19 20:10:28:1028] [[32minfo[39m]: [32mTemplate application completed: ⭐ Deluxe Public Taglı Topluluk[39m
[2026-05-19 20:10:28:1028] [[32minfo[39m]: [32mInitializing Discord Template Bot...[39m
[2026-05-19 20:10:28:1028] [[32minfo[39m]: [32mSuccessfully initialized local file-based JSON database at ./data/db.json.[39m
[2026-05-19 20:10:28:1028] [[32minfo[39m]: [32mEvent loaded: clientReady (once)[39m
[2026-05-19 20:10:28:1028] [[32minfo[39m]: [32mEvent loaded: interactionCreate (on)[39m
[2026-05-19 20:10:28:1028] [[32minfo[39m]: [32mEvent loaded: guildCreate (on)[39m
[2026-05-19 20:10:30:1030] [[32minfo[39m]: [32mLogged in as Youtube The Monica Two#1325![39m
[2026-05-19 20:10:30:1030] [[32minfo[39m]: [32mStarted refreshing 2 application (/) commands...[39m
[2026-05-19 20:10:30:1030] [[32minfo[39m]: [32mSuccessfully reloaded application (/) commands globally.[39m
[2026-05-19 20:11:02:112] [[32minfo[39m]: [32mUser the_monica_two (699598195071778816) ran /template in Monica kullanıcısının sunucusu[39m
[2026-05-19 20:11:04:114] [[32minfo[39m]: [32mStarting cleanup for guild: Monica kullanıcısının sunucusu (1488080906232004801)[39m
[2026-05-19 20:11:32:1132] [[32minfo[39m]: [32mCleanup completed for guild: Monica kullanıcısının sunucusu[39m
[2026-05-19 20:11:32:1132] [[32minfo[39m]: [32mApplying template "🌸 Otaku Cenneti / Anime & Manga Public" to guild "Monica kullanıcısının sunucusu" (1488080906232004801)[39m
[2026-05-19 20:11:48:1148] [[32minfo[39m]: [32mSent welcome embed to 👋・konoha-giriş[39m
[2026-05-19 20:11:48:1148] [[32minfo[39m]: [32mTemplate application completed: 🌸 Otaku Cenneti / Anime & Manga Public[39m
[2026-05-19 20:11:49:1149] [[32minfo[39m]: [32mInitializing Discord Template Bot...[39m
[2026-05-19 20:11:49:1149] [[32minfo[39m]: [32mSuccessfully initialized local file-based JSON database at ./data/db.json.[39m
[2026-05-19 20:11:49:1149] [[32minfo[39m]: [32mEvent loaded: clientReady (once)[39m
[2026-05-19 20:11:49:1149] [[32minfo[39m]: [32mEvent loaded: interactionCreate (on)[39m
[2026-05-19 20:11:49:1149] [[32minfo[39m]: [32mEvent loaded: guildCreate (on)[39m
[2026-05-19 20:11:51:1151] [[32minfo[39m]: [32mLogged in as Youtube The Monica Two#1325![39m
[2026-05-19 20:11:51:1151] [[32minfo[39m]: [32mStarted refreshing 2 application (/) commands...[39m
[2026-05-19 20:11:51:1151] [[32minfo[39m]: [32mSuccessfully reloaded application (/) commands globally.[39m
[2026-05-19 20:13:34:1334] [[32minfo[39m]: [32mInitializing Discord Template Bot...[39m
[2026-05-19 20:13:34:1334] [[32minfo[39m]: [32mSuccessfully initialized local file-based JSON database at ./data/db.json.[39m
[2026-05-19 20:13:34:1334] [[32minfo[39m]: [32mEvent loaded: clientReady (once)[39m
[2026-05-19 20:13:34:1334] [[32minfo[39m]: [32mEvent loaded: interactionCreate (on)[39m
[2026-05-19 20:13:34:1334] [[32minfo[39m]: [32mEvent loaded: guildCreate (on)[39m
[2026-05-19 20:13:37:1337] [[32minfo[39m]: [32mLogged in as Youtube The Monica Two#1325![39m
[2026-05-19 20:13:37:1337] [[32minfo[39m]: [32mStarted refreshing 2 application (/) commands...[39m
[2026-05-19 20:13:37:1337] [[32minfo[39m]: [32mSuccessfully reloaded application (/) commands globally.[39m
[2026-05-19 20:15:20:1520] [[32minfo[39m]: [32mInitializing Discord Template Bot...[39m
[2026-05-19 20:15:20:1520] [[32minfo[39m]: [32mSuccessfully initialized local file-based JSON database at ./data/db.json.[39m
[2026-05-19 20:15:20:1520] [[32minfo[39m]: [32mEvent loaded: clientReady (once)[39m
[2026-05-19 20:15:20:1520] [[32minfo[39m]: [32mEvent loaded: interactionCreate (on)[39m
[2026-05-19 20:15:20:1520] [[32minfo[39m]: [32mEvent loaded: guildCreate (on)[39m
[2026-05-19 20:15:21:1521] [[32minfo[39m]: [32mLogged in as Youtube The Monica Two#1325![39m
[2026-05-19 20:15:21:1521] [[32minfo[39m]: [32mStarted refreshing 2 application (/) commands...[39m
[2026-05-19 20:15:22:1522] [[32minfo[39m]: [32mSuccessfully reloaded application (/) commands globally.[39m
[2026-05-19 20:15:43:1543] [[32minfo[39m]: [32mUser the_monica_two (699598195071778816) ran /template in Monica kullanıcısının sunucusu[39m
[2026-05-19 20:15:46:1546] [[32minfo[39m]: [32mStarting cleanup for guild: Monica kullanıcısının sunucusu (1488080906232004801)[39m
[2026-05-19 20:16:03:163] [[32minfo[39m]: [32mCleanup completed for guild: Monica kullanıcısının sunucusu[39m
[2026-05-19 20:16:03:163] [[32minfo[39m]: [32mApplying template "🪐 Saturn Ring / Cosmic Community" to guild "Monica kullanıcısının sunucusu" (1488080906232004801)[39m
[2026-05-19 20:16:14:1614] [[32minfo[39m]: [32mTemplate application completed: 🪐 Saturn Ring / Cosmic Community[39m
[2026-05-19 20:16:15:1615] [[32minfo[39m]: [32mInitializing Discord Template Bot...[39m
[2026-05-19 20:16:15:1615] [[32minfo[39m]: [32mSuccessfully initialized local file-based JSON database at ./data/db.json.[39m
[2026-05-19 20:16:15:1615] [[32minfo[39m]: [32mEvent loaded: clientReady (once)[39m
[2026-05-19 20:16:15:1615] [[32minfo[39m]: [32mEvent loaded: interactionCreate (on)[39m
[2026-05-19 20:16:15:1615] [[32minfo[39m]: [32mEvent loaded: guildCreate (on)[39m
[2026-05-19 20:16:16:1616] [[32minfo[39m]: [32mLogged in as Youtube The Monica Two#1325![39m
[2026-05-19 20:16:16:1616] [[32minfo[39m]: [32mStarted refreshing 2 application (/) commands...[39m
[2026-05-19 20:16:17:1617] [[32minfo[39m]: [32mSuccessfully reloaded application (/) commands globally.[39m
[2026-05-19 20:16:36:1636] [[32minfo[39m]: [32mUser the_monica_two (699598195071778816) ran /template in Monica kullanıcısının sunucusu[39m
[2026-05-19 20:16:39:1639] [[32minfo[39m]: [32mStarting cleanup for guild: Monica kullanıcısının sunucusu (1488080906232004801)[39m
[2026-05-19 20:16:53:1653] [[32minfo[39m]: [32mCleanup completed for guild: Monica kullanıcısının sunucusu[39m
[2026-05-19 20:16:53:1653] [[32minfo[39m]: [32mApplying template "🔒 Arkadaş Grubu & Özel Kadro" to guild "Monica kullanıcısının sunucusu" (1488080906232004801)[39m
[2026-05-19 20:17:07:177] [[32minfo[39m]: [32mTemplate application completed: 🔒 Arkadaş Grubu & Özel Kadro[39m
[2026-05-19 20:17:08:178] [[32minfo[39m]: [32mInitializing Discord Template Bot...[39m
[2026-05-19 20:17:08:178] [[32minfo[39m]: [32mSuccessfully initialized local file-based JSON database at ./data/db.json.[39m
[2026-05-19 20:17:08:178] [[32minfo[39m]: [32mEvent loaded: clientReady (once)[39m
[2026-05-19 20:17:08:178] [[32minfo[39m]: [32mEvent loaded: interactionCreate (on)[39m
[2026-05-19 20:17:08:178] [[32minfo[39m]: [32mEvent loaded: guildCreate (on)[39m
[2026-05-19 20:17:10:1710] [[32minfo[39m]: [32mLogged in as Youtube The Monica Two#1325![39m
[2026-05-19 20:17:10:1710] [[32minfo[39m]: [32mStarted refreshing 2 application (/) commands...[39m
[2026-05-19 20:17:10:1710] [[32minfo[39m]: [32mSuccessfully reloaded application (/) commands globally.[39m
[2026-05-19 20:25:20:2520] [[32minfo[39m]: [32mInitializing Discord Template Bot...[39m
[2026-05-19 20:25:20:2520] [[32minfo[39m]: [32mSuccessfully initialized local file-based JSON database at ./data/db.json.[39m
[2026-05-19 20:25:20:2520] [[32minfo[39m]: [32mEvent loaded: clientReady (once)[39m
[2026-05-19 20:25:20:2520] [[32minfo[39m]: [32mEvent loaded: interactionCreate (on)[39m
[2026-05-19 20:25:20:2520] [[32minfo[39m]: [32mEvent loaded: guildCreate (on)[39m
[2026-05-19 20:25:22:2522] [[32minfo[39m]: [32mLogged in as Youtube The Monica Two#1325![39m
[2026-05-19 20:25:22:2522] [[32minfo[39m]: [32mStarted refreshing 2 application (/) commands...[39m
[2026-05-19 20:25:22:2522] [[32minfo[39m]: [32mSuccessfully reloaded application (/) commands globally.[39m
[2026-05-19 20:25:41:2541] [[32minfo[39m]: [32mUser the_monica_two (699598195071778816) ran /template in Monica kullanıcısının sunucusu[39m
[2026-05-19 20:25:44:2544] [[32minfo[39m]: [32mStarting cleanup for guild: Monica kullanıcısının sunucusu (1488080906232004801)[39m
[2026-05-19 20:25:56:2556] [[32minfo[39m]: [32mCleanup completed for guild: Monica kullanıcısının sunucusu[39m
[2026-05-19 20:25:56:2556] [[32minfo[39m]: [32mApplying template "👥 Small Community Server" to guild "Monica kullanıcısının sunucusu" (1488080906232004801)[39m
[2026-05-19 20:26:14:2614] [[32minfo[39m]: [32mTemplate application completed: 👥 Small Community Server[39m
[2026-05-19 20:26:15:2615] [[32minfo[39m]: [32mInitializing Discord Template Bot...[39m
[2026-05-19 20:26:15:2615] [[32minfo[39m]: [32mSuccessfully initialized local file-based JSON database at ./data/db.json.[39m
[2026-05-19 20:26:15:2615] [[32minfo[39m]: [32mEvent loaded: clientReady (once)[39m
[2026-05-19 20:26:15:2615] [[32minfo[39m]: [32mEvent loaded: interactionCreate (on)[39m
[2026-05-19 20:26:15:2615] [[32minfo[39m]: [32mEvent loaded: guildCreate (on)[39m
[2026-05-19 20:26:16:2616] [[32minfo[39m]: [32mLogged in as Youtube The Monica Two#1325![39m
[2026-05-19 20:26:16:2616] [[32minfo[39m]: [32mStarted refreshing 2 application (/) commands...[39m
[2026-05-19 20:26:17:2617] [[32minfo[39m]: [32mSuccessfully reloaded application (/) commands globally.[39m
[2026-05-19 20:26:34:2634] [[32minfo[39m]: [32mUser the_monica_two (699598195071778816) ran /template in Monica kullanıcısının sunucusu[39m
[2026-05-19 20:26:37:2637] [[32minfo[39m]: [32mStarting cleanup for guild: Monica kullanıcısının sunucusu (1488080906232004801)[39m
[2026-05-19 20:26:53:2653] [[32minfo[39m]: [32mCleanup completed for guild: Monica kullanıcısının sunucusu[39m
[2026-05-19 20:26:53:2653] [[32minfo[39m]: [32mApplying template "✨ Simple Server Template" to guild "Monica kullanıcısının sunucusu" (1488080906232004801)[39m
[2026-05-19 20:27:17:2717] [[32minfo[39m]: [32mTemplate application completed: ✨ Simple Server Template[39m
[2026-05-19 20:27:18:2718] [[32minfo[39m]: [32mInitializing Discord Template Bot...[39m
[2026-05-19 20:27:18:2718] [[32minfo[39m]: [32mSuccessfully initialized local file-based JSON database at ./data/db.json.[39m
[2026-05-19 20:27:18:2718] [[32minfo[39m]: [32mEvent loaded: clientReady (once)[39m
[2026-05-19 20:27:18:2718] [[32minfo[39m]: [32mEvent loaded: interactionCreate (on)[39m
[2026-05-19 20:27:18:2718] [[32minfo[39m]: [32mEvent loaded: guildCreate (on)[39m
[2026-05-19 20:27:20:2720] [[32minfo[39m]: [32mLogged in as Youtube The Monica Two#1325![39m
[2026-05-19 20:27:20:2720] [[32minfo[39m]: [32mStarted refreshing 2 application (/) commands...[39m
[2026-05-19 20:27:20:2720] [[32minfo[39m]: [32mSuccessfully reloaded application (/) commands globally.[39m
[2026-05-19 20:27:31:2731] [[32minfo[39m]: [32mUser the_monica_two (699598195071778816) ran /template in Monica kullanıcısının sunucusu[39m
[2026-05-19 20:27:34:2734] [[32minfo[39m]: [32mStarting cleanup for guild: Monica kullanıcısının sunucusu (1488080906232004801)[39m
[2026-05-19 20:28:03:283] [[32minfo[39m]: [32mCleanup completed for guild: Monica kullanıcısının sunucusu[39m
[2026-05-19 20:28:03:283] [[32minfo[39m]: [32mApplying template "🌸 Anime Ichigo / Aesthetic Community" to guild "Monica kullanıcısının sunucusu" (1488080906232004801)[39m
[2026-05-19 20:28:45:2845] [[32minfo[39m]: [32mTemplate application completed: 🌸 Anime Ichigo / Aesthetic Community[39m
[2026-05-19 20:28:46:2846] [[32minfo[39m]: [32mInitializing Discord Template Bot...[39m
[2026-05-19 20:28:46:2846] [[32minfo[39m]: [32mSuccessfully initialized local file-based JSON database at ./data/db.json.[39m
[2026-05-19 20:28:46:2846] [[32minfo[39m]: [32mEvent loaded: clientReady (once)[39m
[2026-05-19 20:28:46:2846] [[32minfo[39m]: [32mEvent loaded: interactionCreate (on)[39m
[2026-05-19 20:28:46:2846] [[32minfo[39m]: [32mEvent loaded: guildCreate (on)[39m
[2026-05-19 20:28:48:2848] [[32minfo[39m]: [32mLogged in as Youtube The Monica Two#1325![39m
[2026-05-19 20:28:48:2848] [[32minfo[39m]: [32mStarted refreshing 2 application (/) commands...[39m
[2026-05-19 20:28:48:2848] [[32minfo[39m]: [32mSuccessfully reloaded application (/) commands globally.[39m
[2026-05-19 20:30:04:304] [[32minfo[39m]: [32mInitializing Discord Template Bot...[39m
[2026-05-19 20:30:04:304] [[32minfo[39m]: [32mSuccessfully initialized local file-based JSON database at ./data/db.json.[39m
[2026-05-19 20:30:04:304] [[32minfo[39m]: [32mEvent loaded: clientReady (once)[39m
[2026-05-19 20:30:04:304] [[32minfo[39m]: [32mEvent loaded: interactionCreate (on)[39m
[2026-05-19 20:30:04:304] [[32minfo[39m]: [32mEvent loaded: guildCreate (on)[39m
[2026-05-19 20:30:06:306] [[32minfo[39m]: [32mLogged in as Youtube The Monica Two#1325![39m
[2026-05-19 20:30:06:306] [[32minfo[39m]: [32mStarted refreshing 2 application (/) commands...[39m
[2026-05-19 20:30:07:307] [[32minfo[39m]: [32mSuccessfully reloaded application (/) commands globally.[39m
[2026-05-19 20:30:14:3014] [[32minfo[39m]: [32mInitializing Discord Template Bot...[39m
[2026-05-19 20:30:14:3014] [[32minfo[39m]: [32mSuccessfully initialized local file-based JSON database at ./data/db.json.[39m
[2026-05-19 20:30:14:3014] [[32minfo[39m]: [32mEvent loaded: clientReady (once)[39m
[2026-05-19 20:30:14:3014] [[32minfo[39m]: [32mEvent loaded: interactionCreate (on)[39m
[2026-05-19 20:30:14:3014] [[32minfo[39m]: [32mEvent loaded: guildCreate (on)[39m
[2026-05-19 20:30:16:3016] [[32minfo[39m]: [32mLogged in as Youtube The Monica Two#1325![39m
[2026-05-19 20:30:16:3016] [[32minfo[39m]: [32mStarted refreshing 2 application (/) commands...[39m
[2026-05-19 20:30:16:3016] [[32minfo[39m]: [32mSuccessfully reloaded application (/) commands globally.[39m
[2026-05-19 20:46:27:4627] [[32minfo[39m]: [32mUser the_monica_two (699598195071778816) ran /template in Monica kullanıcısının sunucusu[39m
[2026-05-19 20:46:31:4631] [[32minfo[39m]: [32mStarting cleanup for guild: Monica kullanıcısının sunucusu (1488080906232004801)[39m
[2026-05-19 20:47:11:4711] [[32minfo[39m]: [32mCleanup completed for guild: Monica kullanıcısının sunucusu[39m
[2026-05-19 20:47:11:4711] [[32minfo[39m]: [32mApplying template "☕ Coffee Shop & Barista Lounge" to guild "Monica kullanıcısının sunucusu" (1488080906232004801)[39m
[2026-05-19 20:47:18:4718] [[32minfo[39m]: [32mTemplate application completed: ☕ Coffee Shop & Barista Lounge[39m
[2026-05-19 20:47:18:4718] [[32minfo[39m]: [32mInitializing Discord Template Bot...[39m
[2026-05-19 20:47:18:4718] [[32minfo[39m]: [32mSuccessfully initialized local file-based JSON database at ./data/db.json.[39m
[2026-05-19 20:47:18:4718] [[32minfo[39m]: [32mEvent loaded: clientReady (once)[39m
[2026-05-19 20:47:18:4718] [[32minfo[39m]: [32mEvent loaded: interactionCreate (on)[39m
[2026-05-19 20:47:18:4718] [[32minfo[39m]: [32mEvent loaded: guildCreate (on)[39m
[2026-05-19 20:47:20:4720] [[32minfo[39m]: [32mLogged in as Youtube The Monica Two#1325![39m
[2026-05-19 20:47:20:4720] [[32minfo[39m]: [32mStarted refreshing 2 application (/) commands...[39m
[2026-05-19 20:47:20:4720] [[32minfo[39m]: [32mSuccessfully reloaded application (/) commands globally.[39m
[2026-05-19 20:48:18:4818] [[32minfo[39m]: [32mInitializing Discord Template Bot...[39m
[2026-05-19 20:48:18:4818] [[32minfo[39m]: [32mSuccessfully initialized local file-based JSON database at ./data/db.json.[39m
[2026-05-19 20:48:18:4818] [[32minfo[39m]: [32mEvent loaded: clientReady (once)[39m
[2026-05-19 20:48:18:4818] [[32minfo[39m]: [32mEvent loaded: interactionCreate (on)[39m
[2026-05-19 20:48:18:4818] [[32minfo[39m]: [32mEvent loaded: guildCreate (on)[39m
[2026-05-19 20:48:19:4819] [[32minfo[39m]: [32mLogged in as Youtube The Monica Two#1325![39m
[2026-05-19 20:48:19:4819] [[32minfo[39m]: [32mStarted refreshing 2 application (/) commands...[39m
[2026-05-19 20:48:20:4820] [[32minfo[39m]: [32mSuccessfully reloaded application (/) commands globally.[39m
[2026-05-19 20:48:46:4846] [[32minfo[39m]: [32mUser the_monica_two (699598195071778816) ran /template in Monica kullanıcısının sunucusu[39m
[2026-05-19 20:48:48:4848] [[32minfo[39m]: [32mStarting cleanup for guild: Monica kullanıcısının sunucusu (1488080906232004801)[39m
[2026-05-19 20:48:55:4855] [[32minfo[39m]: [32mCleanup completed for guild: Monica kullanıcısının sunucusu[39m
[2026-05-19 20:48:55:4855] [[32minfo[39m]: [32mApplying template "☕ Coffee Shop & Barista Lounge" to guild "Monica kullanıcısının sunucusu" (1488080906232004801)[39m
[2026-05-19 20:49:05:495] [[32minfo[39m]: [32mTemplate application completed: ☕ Coffee Shop & Barista Lounge[39m
[2026-05-19 20:49:06:496] [[32minfo[39m]: [32mInitializing Discord Template Bot...[39m
[2026-05-19 20:49:06:496] [[32minfo[39m]: [32mSuccessfully initialized local file-based JSON database at ./data/db.json.[39m
[2026-05-19 20:49:06:496] [[32minfo[39m]: [32mEvent loaded: clientReady (once)[39m
[2026-05-19 20:49:06:496] [[32minfo[39m]: [32mEvent loaded: interactionCreate (on)[39m
[2026-05-19 20:49:06:496] [[32minfo[39m]: [32mEvent loaded: guildCreate (on)[39m
[2026-05-19 20:49:08:498] [[32minfo[39m]: [32mLogged in as Youtube The Monica Two#1325![39m
[2026-05-19 20:49:08:498] [[32minfo[39m]: [32mStarted refreshing 2 application (/) commands...[39m
[2026-05-19 20:49:08:498] [[32minfo[39m]: [32mSuccessfully reloaded application (/) commands globally.[39m
[2026-05-19 20:49:28:4928] [[32minfo[39m]: [32mUser the_monica_two (699598195071778816) ran /template in Monica kullanıcısının sunucusu[39m
[2026-05-19 20:49:30:4930] [[32minfo[39m]: [32mStarting cleanup for guild: Monica kullanıcısının sunucusu (1488080906232004801)[39m
[2026-05-19 20:49:41:4941] [[32minfo[39m]: [32mCleanup completed for guild: Monica kullanıcısının sunucusu[39m
[2026-05-19 20:49:41:4941] [[32minfo[39m]: [32mApplying template "⛏️ Minecraft SMP World" to guild "Monica kullanıcısının sunucusu" (1488080906232004801)[39m
[2026-05-19 20:49:53:4953] [[32minfo[39m]: [32mTemplate application completed: ⛏️ Minecraft SMP World[39m
[2026-05-19 20:49:53:4953] [[32minfo[39m]: [32mInitializing Discord Template Bot...[39m
[2026-05-19 20:49:53:4953] [[32minfo[39m]: [32mSuccessfully initialized local file-based JSON database at ./data/db.json.[39m
[2026-05-19 20:49:53:4953] [[32minfo[39m]: [32mEvent loaded: clientReady (once)[39m
[2026-05-19 20:49:53:4953] [[32minfo[39m]: [32mEvent loaded: interactionCreate (on)[39m
[2026-05-19 20:49:53:4953] [[32minfo[39m]: [32mEvent loaded: guildCreate (on)[39m
[2026-05-19 20:49:55:4955] [[32minfo[39m]: [32mLogged in as Youtube The Monica Two#1325![39m
[2026-05-19 20:49:55:4955] [[32minfo[39m]: [32mStarted refreshing 2 application (/) commands...[39m
[2026-05-19 20:49:56:4956] [[32minfo[39m]: [32mSuccessfully reloaded application (/) commands globally.[39m
[2026-05-19 20:50:19:5019] [[32minfo[39m]: [32mUser the_monica_two (699598195071778816) ran /template in Monica kullanıcısının sunucusu[39m
[2026-05-19 20:50:22:5022] [[32minfo[39m]: [32mStarting cleanup for guild: Monica kullanıcısının sunucusu (1488080906232004801)[39m
[2026-05-19 20:50:34:5034] [[32minfo[39m]: [32mCleanup completed for guild: Monica kullanıcısının sunucusu[39m
[2026-05-19 20:50:34:5034] [[32minfo[39m]: [32mApplying template "✨ Simple Server Template" to guild "Monica kullanıcısının sunucusu" (1488080906232004801)[39m
[2026-05-19 20:50:57:5057] [[32minfo[39m]: [32mTemplate application completed: ✨ Simple Server Template[39m
[2026-05-19 20:50:58:5058] [[32minfo[39m]: [32mInitializing Discord Template Bot...[39m
[2026-05-19 20:50:58:5058] [[32minfo[39m]: [32mSuccessfully initialized local file-based JSON database at ./data/db.json.[39m
[2026-05-19 20:50:58:5058] [[32minfo[39m]: [32mEvent loaded: clientReady (once)[39m
[2026-05-19 20:50:58:5058] [[32minfo[39m]: [32mEvent loaded: interactionCreate (on)[39m
[2026-05-19 20:50:58:5058] [[32minfo[39m]: [32mEvent loaded: guildCreate (on)[39m
[2026-05-19 20:51:00:510] [[32minfo[39m]: [32mLogged in as Youtube The Monica Two#1325![39m
[2026-05-19 20:51:00:510] [[32minfo[39m]: [32mStarted refreshing 2 application (/) commands...[39m
[2026-05-19 20:51:00:510] [[32minfo[39m]: [32mSuccessfully reloaded application (/) commands globally.[39m
[2026-05-19 20:51:10:5110] [[32minfo[39m]: [32mUser the_monica_two (699598195071778816) ran /template in Monica kullanıcısının sunucusu[39m
[2026-05-19 20:51:13:5113] [[32minfo[39m]: [32mStarting cleanup for guild: Monica kullanıcısının sunucusu (1488080906232004801)[39m
[2026-05-19 20:51:41:5141] [[32minfo[39m]: [32mCleanup completed for guild: Monica kullanıcısının sunucusu[39m
[2026-05-19 20:51:41:5141] [[32minfo[39m]: [32mApplying template "🌸 Sakura Aesthetic Cafe" to guild "Monica kullanıcısının sunucusu" (1488080906232004801)[39m
[2026-05-19 20:51:56:5156] [[32minfo[39m]: [32mTemplate application completed: 🌸 Sakura Aesthetic Cafe[39m
[2026-05-19 20:51:57:5157] [[32minfo[39m]: [32mInitializing Discord Template Bot...[39m
[2026-05-19 20:51:57:5157] [[32minfo[39m]: [32mSuccessfully initialized local file-based JSON database at ./data/db.json.[39m
[2026-05-19 20:51:57:5157] [[32minfo[39m]: [32mEvent loaded: clientReady (once)[39m
[2026-05-19 20:51:57:5157] [[32minfo[39m]: [32mEvent loaded: interactionCreate (on)[39m
[2026-05-19 20:51:57:5157] [[32minfo[39m]: [32mEvent loaded: guildCreate (on)[39m
[2026-05-19 20:51:58:5158] [[32minfo[39m]: [32mLogged in as Youtube The Monica Two#1325![39m
[2026-05-19 20:51:58:5158] [[32minfo[39m]: [32mStarted refreshing 2 application (/) commands...[39m
[2026-05-19 20:51:59:5159] [[32minfo[39m]: [32mSuccessfully reloaded application (/) commands globally.[39m
[2026-05-19 20:52:18:5218] [[32minfo[39m]: [32mInitializing Discord Template Bot...[39m
[2026-05-19 20:52:18:5218] [[32minfo[39m]: [32mSuccessfully initialized local file-based JSON database at ./data/db.json.[39m
[2026-05-19 20:52:18:5218] [[32minfo[39m]: [32mEvent loaded: clientReady (once)[39m
[2026-05-19 20:52:18:5218] [[32minfo[39m]: [32mEvent loaded: interactionCreate (on)[39m
[2026-05-19 20:52:18:5218] [[32minfo[39m]: [32mEvent loaded: guildCreate (on)[39m
[2026-05-19 20:52:19:5219] [[32minfo[39m]: [32mLogged in as Youtube The Monica Two#1325![39m
[2026-05-19 20:52:19:5219] [[32minfo[39m]: [32mStarted refreshing 2 application (/) commands...[39m
[2026-05-19 20:52:20:5220] [[32minfo[39m]: [32mSuccessfully reloaded application (/) commands globally.[39m
[2026-05-19 21:05:43:543] [[32minfo[39m]: [32mInitializing Discord Template Bot...[39m
[2026-05-19 21:05:43:543] [[32minfo[39m]: [32mSuccessfully initialized local file-based JSON database at ./data/db.json.[39m
[2026-05-19 21:05:43:543] [[32minfo[39m]: [32mEvent loaded: clientReady (once)[39m
[2026-05-19 21:05:43:543] [[32minfo[39m]: [32mEvent loaded: interactionCreate (on)[39m
[2026-05-19 21:05:43:543] [[32minfo[39m]: [32mEvent loaded: guildCreate (on)[39m
[2026-05-19 21:05:46:546] [[32minfo[39m]: [32mLogged in as Youtube The Monica Two#1325![39m
[2026-05-19 21:05:46:546] [[32minfo[39m]: [32mStarted refreshing 2 application (/) commands...[39m
[2026-05-19 21:05:46:546] [[32minfo[39m]: [32mSuccessfully reloaded application (/) commands globally.[39m
[2026-05-19 21:06:13:613] [[32minfo[39m]: [32mUser the_monica_two (699598195071778816) ran /template in Monica kullanıcısının sunucusu[39m
[2026-05-19 21:06:21:621] [[32minfo[39m]: [32mStarting cleanup for guild: Monica kullanıcısının sunucusu (1488080906232004801)[39m
[2026-05-19 21:06:34:634] [[32minfo[39m]: [32mCleanup completed for guild: Monica kullanıcısının sunucusu[39m
[2026-05-19 21:06:34:634] [[32minfo[39m]: [32mApplying template "🌸 Anime Ichigo / Aesthetic Community" to guild "Monica kullanıcısının sunucusu" (1488080906232004801)[39m
[2026-05-19 21:07:14:714] [[32minfo[39m]: [32mTemplate application completed: 🌸 Anime Ichigo / Aesthetic Community[39m
[2026-05-19 21:07:14:714] [[32minfo[39m]: [32mInitializing Discord Template Bot...[39m
[2026-05-19 21:07:14:714] [[32minfo[39m]: [32mSuccessfully initialized local file-based JSON database at ./data/db.json.[39m
[2026-05-19 21:07:14:714] [[32minfo[39m]: [32mEvent loaded: clientReady (once)[39m
[2026-05-19 21:07:14:714] [[32minfo[39m]: [32mEvent loaded: interactionCreate (on)[39m
[2026-05-19 21:07:14:714] [[32minfo[39m]: [32mEvent loaded: guildCreate (on)[39m
[2026-05-19 21:07:16:716] [[32minfo[39m]: [32mLogged in as Youtube The Monica Two#1325![39m
[2026-05-19 21:07:16:716] [[32minfo[39m]: [32mStarted refreshing 2 application (/) commands...[39m
[2026-05-19 21:07:16:716] [[32minfo[39m]: [32mSuccessfully reloaded application (/) commands globally.[39m
[2026-05-19 21:07:53:753] [[32minfo[39m]: [32mUser the_monica_two (699598195071778816) ran /template in Monica kullanıcısının sunucusu[39m
[2026-05-19 21:07:56:756] [[32minfo[39m]: [32mStarting cleanup for guild: Monica kullanıcısının sunucusu (1488080906232004801)[39m
[2026-05-19 21:08:36:836] [[32minfo[39m]: [32mCleanup completed for guild: Monica kullanıcısının sunucusu[39m
[2026-05-19 21:08:36:836] [[32minfo[39m]: [32mApplying template "🌌 Cyberpunk Neon Grid" to guild "Monica kullanıcısının sunucusu" (1488080906232004801)[39m
[2026-05-19 21:08:49:849] [[32minfo[39m]: [32mTemplate application completed: 🌌 Cyberpunk Neon Grid[39m
[2026-05-19 21:08:50:850] [[32minfo[39m]: [32mInitializing Discord Template Bot...[39m
[2026-05-19 21:08:50:850] [[32minfo[39m]: [32mSuccessfully initialized local file-based JSON database at ./data/db.json.[39m
[2026-05-19 21:08:50:850] [[32minfo[39m]: [32mEvent loaded: clientReady (once)[39m
[2026-05-19 21:08:50:850] [[32minfo[39m]: [32mEvent loaded: interactionCreate (on)[39m
[2026-05-19 21:08:50:850] [[32minfo[39m]: [32mEvent loaded: guildCreate (on)[39m
[2026-05-19 21:08:51:851] [[32minfo[39m]: [32mLogged in as Youtube The Monica Two#1325![39m
[2026-05-19 21:08:51:851] [[32minfo[39m]: [32mStarted refreshing 2 application (/) commands...[39m
[2026-05-19 21:08:52:852] [[32minfo[39m]: [32mSuccessfully reloaded application (/) commands globally.[39m
[2026-05-19 21:09:16:916] [[32minfo[39m]: [32mUser the_monica_two (699598195071778816) ran /template in Monica kullanıcısının sunucusu[39m
